src/app/api/chat/route.ts(31,23): error TS2339: Property 'toTextStreamResponse' does not exist on type 'Promise<StreamTextResult<Record<string, CoreTool<any, any>>>>'.
